192.168.1.1 - - [10/May/2026:10:00:00 +0800] "GET /index.html HTTP/1.1" 200 1234 "-" "Mozilla/5.0"
10.0.0.1 - - [10/May/2026:10:01:00 +0800] "GET /login.php?id=1' UNION SELECT * FROM users-- HTTP/1.1" 500 432 "-" "sqlmap/1.7.6"
192.168.1.2 - - [10/May/2026:10:02:00 +0800] "POST /api/login HTTP/1.1" 200 56 "https://example.com/login" "Mozilla/5.0"
10.0.0.2 - - [10/May/2026:10:03:00 +0800] "GET /etc/passwd HTTP/1.1" 404 123 "-" "Nikto/2.1.6"
192.168.1.3 - - [10/May/2026:10:04:00 +0800] "GET /search?q=<script>alert(1)</script> HTTP/1.1" 200 89 "-" "Mozilla/5.0"
10.0.0.3 - - [10/May/2026:10:05:00 +0800] "POST /upload.php HTTP/1.1" 200 567 "-" "Mozilla/5.0"
192.168.1.5 - - [10/May/2026:10:06:00 +0800] "GET /api/users?id=1 AND 1=1 HTTP/1.1" 200 456 "-" "sqlmap/1.7.6"
10.0.0.4 - - [10/May/2026:10:07:00 +0800] "GET /../../etc/shadow HTTP/1.1" 404 89 "-" "curl/7.68.0"
10.0.0.6 - - [10/May/2026:10:08:00 +0800] "GET /shell.php?cmd=whoami HTTP/1.1" 200 12 "-" "Mozilla/5.0"
10.0.0.7 - - [10/May/2026:10:09:00 +0800] "GET /?page=../../../windows/system32/drivers/etc/hosts HTTP/1.1" 404 89 "-" "Mozilla/5.0"
